
Memory Configuration

Name             Origin             Length             Attributes
VEC              0x00000000         0x00000004
IVEC             0x00000004         0x000000bc
OPT              0x000000c0         0x00000004
SEC_ID           0x000000c4         0x0000000a
OCDSTAD          0x000000ce         0x0000000a
OCDROM           0x00003e00         0x00000200
ROM              0x000000d8         0x00003d28
RAM              0x000ff700         0x000007ff
*default*        0x00000000         0xffffffff

Linker script and memory map


.vec            0x00000000        0x4
 *(.vec)
 .vec           0x00000000        0x4 ./src/r_cg_vector_table.o
                0x00000000                HardwareVectors

.vects          0x00000004       0x7c
 *(.vects)
 .vects         0x00000004       0x7c ./src/r_cg_vector_table.o
                0x00000004                Vectors

.lowtext        0x000000d8        0x0
 *(.plt)
 .plt           0x000000d8        0x0 ./src/r_cg_it_user.o
 *(.lowtext)
                0x000000d8                . = ALIGN (0x2)

.text           0x000000d8      0x370
 *(.text)
 .text          0x000000d8       0x59 ./src/r_cg_cgc.o
                0x000000d8                R_CGC_Create
 .text          0x00000131       0x14 ./src/r_cg_cgc_user.o
                0x00000131                R_CGC_Get_ResetSource
 .text          0x00000145      0x126 ./src/r_cg_it.o
                0x00000145                R_IT_Create
                0x000001c9                R_IT_Start
                0x0000021a                R_IT_Stop
 .text          0x0000026b       0x78 ./src/r_cg_it_user.o
                0x0000026b                r_it_interrupt
 .text          0x000002e3       0x26 ./src/r_cg_port.o
                0x000002e3                R_PORT_Create
 .text          0x00000309        0x0 ./src/r_cg_port_user.o
 .text          0x00000309        0xc ./src/r_cg_vector_table.o
                0x00000309                R_Dummy
 .text          0x00000315       0x78 ./src/r_cg_wdt.o
                0x00000315                R_WDT_Create
                0x0000037f                R_WDT_Restart
 .text          0x0000038d        0xc ./src/r_cg_wdt_user.o
                0x0000038d                r_wdt_interrupt
 .text          0x00000399       0x3e ./src/r_hardware_setup.o
                0x00000399                R_Systeminit
                0x000003c6                HardwareSetup
 .text          0x000003d7       0x10 ./src/r_main.o
                0x000003d7                main
                0x000003df                R_MAIN_UserInit
 .text          0x000003e7       0x60 ./src/r_reset_program.o
                0x000003e9                PowerON_Reset
 *(.text.*)
                0x00000447                etext = .
                0x00000448                . = ALIGN (0x2)
 *fill*         0x00000447        0x1 

.init
 *(.init)

.fini
 *(.fini)

.got
 *(.got)
 *(.got.plt)

.rodata         0x00002000        0x0
                0x00002000                . = ALIGN (0x2)
 *(.rodata)
 *(.rodata.*)
                0x00002000                _erodata = .

.eh_frame_hdr
 *(.eh_frame_hdr)

.eh_frame
 *(.eh_frame)

.jcr
 *(.jcr)

.tors           0x00000448        0x0
                0x00000448                __CTOR_LIST__ = .
                0x00000448                . = ALIGN (0x2)
                0x00000448                ___ctors = .
 *(.ctors)
                0x00000448                ___ctors_end = .
                0x00000448                __CTOR_END__ = .
                0x00000448                __DTOR_LIST__ = .
                0x00000448                ___dtors = .
 *(.dtors)
                0x00000448                ___dtors_end = .
                0x00000448                __DTOR_END__ = .
                0x00000448                . = ALIGN (0x2)
                0x00000448                _mdata = .

.data           0x000ff700        0x2 load address 0x00000448
                0x000ff700                . = ALIGN (0x2)
                0x000ff700                _data = .
 *(.data)
 .data          0x000ff700        0x0 ./src/r_cg_cgc.o
 .data          0x000ff700        0x0 ./src/r_cg_cgc_user.o
 .data          0x000ff700        0x0 ./src/r_cg_it.o
 .data          0x000ff700        0x2 ./src/r_cg_it_user.o
                0x000ff700                ticks
 .data          0x000ff702        0x0 ./src/r_cg_port.o
 .data          0x000ff702        0x0 ./src/r_cg_port_user.o
 .data          0x000ff702        0x0 ./src/r_cg_vector_table.o
 .data          0x000ff702        0x0 ./src/r_cg_wdt.o
 .data          0x000ff702        0x0 ./src/r_cg_wdt_user.o
 .data          0x000ff702        0x0 ./src/r_hardware_setup.o
 .data          0x000ff702        0x0 ./src/r_main.o
 .data          0x000ff702        0x0 ./src/r_reset_program.o
 *(.data.*)
                0x000ff702                . = ALIGN (0x2)
                0x000ff702                _edata = .

.bss            0x000ff702        0x0 load address 0x0000044a
                0x000ff702                . = ALIGN (0x2)
                0x000ff702                _bss = .
 *(.bss)
 .bss           0x000ff702        0x0 ./src/r_cg_cgc.o
 .bss           0x000ff702        0x0 ./src/r_cg_cgc_user.o
 .bss           0x000ff702        0x0 ./src/r_cg_it.o
 .bss           0x000ff702        0x0 ./src/r_cg_it_user.o
 .bss           0x000ff702        0x0 ./src/r_cg_port.o
 .bss           0x000ff702        0x0 ./src/r_cg_port_user.o
 .bss           0x000ff702        0x0 ./src/r_cg_vector_table.o
 .bss           0x000ff702        0x0 ./src/r_cg_wdt.o
 .bss           0x000ff702        0x0 ./src/r_cg_wdt_user.o
 .bss           0x000ff702        0x0 ./src/r_hardware_setup.o
 .bss           0x000ff702        0x0 ./src/r_main.o
 .bss           0x000ff702        0x0 ./src/r_reset_program.o
 *(.bss.**)
                0x000ff702                . = ALIGN (0x2)
 *(COMMON)
                0x000ff702                . = ALIGN (0x2)
                0x000ff702                _ebss = .
                0x000ff702                _end = .

.stack          0x000ffe00        0x0
                0x000ffe00                _stack = .

.option_bytes   0x000000c0        0x4
 *(.option_bytes)
 .option_bytes  0x000000c0        0x4 ./src/r_cg_vector_table.o
                0x000000c0                Option_Bytes

.security_id    0x000000c4        0xa
 *(.security_id)
 .security_id   0x000000c4        0xa ./src/r_cg_vector_table.o
                0x000000c4                Security_Id
LOAD ./src/r_cg_cgc.o
LOAD ./src/r_cg_cgc_user.o
LOAD ./src/r_cg_it.o
LOAD ./src/r_cg_it_user.o
LOAD ./src/r_cg_port.o
LOAD ./src/r_cg_port_user.o
LOAD ./src/r_cg_vector_table.o
LOAD ./src/r_cg_wdt.o
LOAD ./src/r_cg_wdt_user.o
LOAD ./src/r_hardware_setup.o
LOAD ./src/r_main.o
LOAD ./src/r_reset_program.o
LOAD libLED_BLINK.a
START GROUP
LOAD E:\ZP\GIT_HUB\MCU\Renesas\RL78\R5F102AA\SampleCode\LED_BLINK\LED_BLINK\HardwareDebug\libLED_BLINK.a
LOAD C:\PROGRA~2\KPIT\GNURL7~1.02-\rl78-ELF/lib/gcc/rl78-elf/4.8-GNURL78_v14.02\libgcc.a
END GROUP
OUTPUT(LED_BLINK.x elf32-rl78)

.debug_frame    0x00000000      0x234
 .debug_frame   0x00000000       0x24 ./src/r_cg_cgc.o
 .debug_frame   0x00000024       0x2c ./src/r_cg_cgc_user.o
 .debug_frame   0x00000050       0x44 ./src/r_cg_it.o
 .debug_frame   0x00000094       0x58 ./src/r_cg_it_user.o
 .debug_frame   0x000000ec       0x24 ./src/r_cg_port.o
 .debug_frame   0x00000110       0x40 ./src/r_cg_vector_table.o
 .debug_frame   0x00000150       0x34 ./src/r_cg_wdt.o
 .debug_frame   0x00000184       0x40 ./src/r_cg_wdt_user.o
 .debug_frame   0x000001c4       0x3c ./src/r_hardware_setup.o
 .debug_frame   0x00000200       0x34 ./src/r_main.o

.debug_info     0x00000000      0xb53
 .debug_info    0x00000000      0x133 ./src/r_cg_cgc.o
 .debug_info    0x00000133       0x7b ./src/r_cg_cgc_user.o
 .debug_info    0x000001ae      0x1d5 ./src/r_cg_it.o
 .debug_info    0x00000383      0x127 ./src/r_cg_it_user.o
 .debug_info    0x000004aa      0x155 ./src/r_cg_port.o
 .debug_info    0x000005ff       0x48 ./src/r_cg_port_user.o
 .debug_info    0x00000647      0x108 ./src/r_cg_vector_table.o
 .debug_info    0x0000074f      0x20e ./src/r_cg_wdt.o
 .debug_info    0x0000095d       0x61 ./src/r_cg_wdt_user.o
 .debug_info    0x000009be       0x7d ./src/r_hardware_setup.o
 .debug_info    0x00000a3b       0x72 ./src/r_main.o
 .debug_info    0x00000aad       0xa6 ./src/r_reset_program.o

.debug_abbrev   0x00000000      0x4bb
 .debug_abbrev  0x00000000       0x82 ./src/r_cg_cgc.o
 .debug_abbrev  0x00000082       0x53 ./src/r_cg_cgc_user.o
 .debug_abbrev  0x000000d5       0xb8 ./src/r_cg_it.o
 .debug_abbrev  0x0000018d       0x93 ./src/r_cg_it_user.o
 .debug_abbrev  0x00000220       0x82 ./src/r_cg_port.o
 .debug_abbrev  0x000002a2       0x1b ./src/r_cg_port_user.o
 .debug_abbrev  0x000002bd       0x7c ./src/r_cg_vector_table.o
 .debug_abbrev  0x00000339       0xa4 ./src/r_cg_wdt.o
 .debug_abbrev  0x000003dd       0x37 ./src/r_cg_wdt_user.o
 .debug_abbrev  0x00000414       0x5c ./src/r_hardware_setup.o
 .debug_abbrev  0x00000470       0x37 ./src/r_main.o
 .debug_abbrev  0x000004a7       0x14 ./src/r_reset_program.o

.debug_aranges  0x00000000      0x178
 .debug_aranges
                0x00000000       0x20 ./src/r_cg_cgc.o
 .debug_aranges
                0x00000020       0x20 ./src/r_cg_cgc_user.o
 .debug_aranges
                0x00000040       0x20 ./src/r_cg_it.o
 .debug_aranges
                0x00000060       0x20 ./src/r_cg_it_user.o
 .debug_aranges
                0x00000080       0x20 ./src/r_cg_port.o
 .debug_aranges
                0x000000a0       0x18 ./src/r_cg_port_user.o
 .debug_aranges
                0x000000b8       0x20 ./src/r_cg_vector_table.o
 .debug_aranges
                0x000000d8       0x20 ./src/r_cg_wdt.o
 .debug_aranges
                0x000000f8       0x20 ./src/r_cg_wdt_user.o
 .debug_aranges
                0x00000118       0x20 ./src/r_hardware_setup.o
 .debug_aranges
                0x00000138       0x20 ./src/r_main.o
 .debug_aranges
                0x00000158       0x20 ./src/r_reset_program.o

.debug_line     0x00000000      0x450
 .debug_line    0x00000000       0x58 ./src/r_cg_cgc.o
 .debug_line    0x00000058       0x5e ./src/r_cg_cgc_user.o
 .debug_line    0x000000b6       0x99 ./src/r_cg_it.o
 .debug_line    0x0000014f       0x5a ./src/r_cg_it_user.o
 .debug_line    0x000001a9       0x66 ./src/r_cg_port.o
 .debug_line    0x0000020f       0x1d ./src/r_cg_port_user.o
 .debug_line    0x0000022c       0x62 ./src/r_cg_vector_table.o
 .debug_line    0x0000028e       0x5f ./src/r_cg_wdt.o
 .debug_line    0x000002ed       0x47 ./src/r_cg_wdt_user.o
 .debug_line    0x00000334       0x58 ./src/r_hardware_setup.o
 .debug_line    0x0000038c       0x4b ./src/r_main.o
 .debug_line    0x000003d7       0x79 ./src/r_reset_program.o

.debug_str      0x00000000      0x3c4
 .debug_str     0x00000000      0x15f ./src/r_cg_cgc.o
                                0x16b (size before relaxing)
 .debug_str     0x0000015f       0x40 ./src/r_cg_cgc_user.o
                                0x176 (size before relaxing)
 .debug_str     0x0000019f       0x65 ./src/r_cg_it.o
                                0x1be (size before relaxing)
 .debug_str     0x00000204       0x31 ./src/r_cg_it_user.o
                                0x17c (size before relaxing)
 .debug_str     0x00000235       0x2f ./src/r_cg_port.o
                                0x173 (size before relaxing)
 .debug_str     0x00000264       0x18 ./src/r_cg_port_user.o
                                0x14e (size before relaxing)
 .debug_str     0x0000027c       0x55 ./src/r_cg_vector_table.o
                                0x19b (size before relaxing)
 .debug_str     0x000002d1       0x72 ./src/r_cg_wdt.o
                                0x1b2 (size before relaxing)
 .debug_str     0x00000343       0x27 ./src/r_cg_wdt_user.o
                                0x15d (size before relaxing)
 .debug_str     0x0000036a       0x35 ./src/r_hardware_setup.o
                                0x16b (size before relaxing)
 .debug_str     0x0000039f       0x25 ./src/r_main.o
                                0x15b (size before relaxing)

.comment        0x00000000       0x8d
 .comment       0x00000000       0x8d ./src/r_cg_cgc.o
                                 0x8e (size before relaxing)
 .comment       0x00000000       0x8e ./src/r_cg_cgc_user.o
 .comment       0x00000000       0x8e ./src/r_cg_it.o
 .comment       0x00000000       0x8e ./src/r_cg_it_user.o
 .comment       0x00000000       0x8e ./src/r_cg_port.o
 .comment       0x00000000       0x8e ./src/r_cg_port_user.o
 .comment       0x00000000       0x8e ./src/r_cg_vector_table.o
 .comment       0x00000000       0x8e ./src/r_cg_wdt.o
 .comment       0x00000000       0x8e ./src/r_cg_wdt_user.o
 .comment       0x00000000       0x8e ./src/r_hardware_setup.o
 .comment       0x00000000       0x8e ./src/r_main.o
